<html>
<body>
<pre>
<h1>µVision Build Log</h1>
<h2>Tool Versions:</h2>
IDE-Version: µVision V5.24.2.0
Copyright (C) 2017 ARM Ltd and ARM Germany GmbH. All rights reserved.
License Information: duand duand, duand, LIC=JL2SB-2Q7LA-R80FF-6VCKT-VYYSH-1QV8W
 
Tool Versions:
Toolchain:       MDK-ARM Plus  Version: 5.24.1
Toolchain Path:  C:\Keilv5\ARM\ARMCC\Bin
C Compiler:      Armcc.exe V5.06 update 5 (build 528)
Assembler:       Armasm.exe V5.06 update 5 (build 528)
Linker/Locator:  ArmLink.exe V5.06 update 5 (build 528)
Library Manager: ArmAr.exe V5.06 update 5 (build 528)
Hex Converter:   FromElf.exe V5.06 update 5 (build 528)
CPU DLL:         SARMCM3.DLL V5.24.1
Dialog DLL:      DCM.DLL V1.16.0.0
Target DLL:      STLink\ST-LINKIII-KEIL_SWO.dll V3.0.1.0
Dialog DLL:      TCM.DLL V1.32.0.0
 
<h2>Project:</h2>
D:\Desktop\LopHoc\TopEdu-ARM-1810\Code\Bai11-RtcLed7\Led7Rtc\MDK-ARM\Led7Rtc.uvprojx
Project File Date:  11/22/2018

<h2>Output:</h2>
*** Using Compiler 'V5.06 update 5 (build 528)', folder: 'C:\Keilv5\ARM\ARMCC\Bin'
Build target 'Led7Rtc'
assembling startup_stm32f103x6.s...
compiling stm32f1xx_hal_msp.c...
compiling stm32f1xx_it.c...
compiling main.c...
../Src/main.c(84): warning:  #188-D: enumerated type mixed with another type
        HAL_GPIO_WritePin(
DO_GPIO_Port, 
DO_Pin, 1); // SDO = 1
../Src/main.c(86): warning:  #188-D: enumerated type mixed with another type
        HAL_GPIO_WritePin(
DO_GPIO_Port, 
DO_Pin, 0); // SDO = 0
../Src/main.c(95): warning:  #188-D: enumerated type mixed with another type
    HAL_GPIO_WritePin(
CK_GPIO_Port, 
CK_Pin, 1);
../Src/main.c(97): warning:  #188-D: enumerated type mixed with another type
    HAL_GPIO_WritePin(
CK_GPIO_Port, 
CK_Pin, 0);
../Src/main.c(102): warning:  #188-D: enumerated type mixed with another type
    HAL_GPIO_WritePin(
TB_GPIO_Port, 
TB_Pin, 1);
../Src/main.c(104): warning:  #188-D: enumerated type mixed with another type
    HAL_GPIO_WritePin(
TB_GPIO_Port, 
TB_Pin, 0);
../Src/main.c: 6 warnings, 0 errors
compiling stm32f1xx_hal_rtc_ex.c...
compiling stm32f1xx_hal_gpio_ex.c...
compiling stm32f1xx_hal_tim.c...
compiling stm32f1xx_hal_rtc.c...
compiling stm32f1xx_hal_tim_ex.c...
compiling stm32f1xx_hal_gpio.c...
compiling stm32f1xx_hal_rcc_ex.c...
compiling stm32f1xx_hal_rcc.c...
compiling stm32f1xx_hal.c...
compiling stm32f1xx_hal_cortex.c...
compiling stm32f1xx_hal_dma.c...
compiling system_stm32f1xx.c...
compiling stm32f1xx_hal_pwr.c...
compiling stm32f1xx_hal_flash_ex.c...
compiling stm32f1xx_hal_flash.c...
linking...
Program Size: Code=5000 RO-data=292 RW-data=36 ZI-data=1044  
FromELF: creating hex file...
"Led7Rtc\Led7Rtc.axf" - 0 Error(s), 6 Warning(s).

<h2>Software Packages used:</h2>

Package Vendor: ARM
                http://www.keil.com/pack/ARM.CMSIS.5.3.0.pack
                ARM.CMSIS.5.3.0
                CMSIS (Cortex Microcontroller Software Interface Standard)
   * Component: CORE Version: 5.1.1

Package Vendor: Keil
                http://www.keil.com/pack/Keil.STM32F1xx_DFP.2.2.0.pack
                Keil.STM32F1xx_DFP.2.2.0
                STMicroelectronics STM32F1 Series Device Support, Drivers and Examples

<h2>Collection of Component include folders:</h2>
  .\RTE\_Led7Rtc
  C:\Keilv5\ARM\PACK\ARM\CMSIS\5.3.0\CMSIS\Include
  C:\Keilv5\ARM\PACK\Keil\STM32F1xx_DFP\2.2.0\Device\Include

<h2>Collection of Component Files used:</h2>

   * Component: ARM::CMSIS:CORE:5.1.1
Build Time Elapsed:  00:00:08
</pre>
</body>
</html>
